// Jest Snapshot v1, https://goo.gl/fbAQLP

exports[`RESTcontainer uses method request and returns json response 1`] = `
<input
  aria-label="url-input"
  id="url"
  name="url"
  placeholder="https://"
  type="url"
  value=""
/>
`;
