// Jest Snapshot v1, https://goo.gl/fbAQLP

exports[`Display displays test body 1`] = `
<span
  class="string-value"
  style="cursor: default;"
>
  "
  Go fetch!
  "
</span>
`;
